{
  "version": "1.5.0",
  "plugins_used": [
    {
      "name": "ArtifactoryDetector"
    },
    {
      "name": "AWSKeyDetector"
    },
    {
      "name": "AzureStorageKeyDetector"
    },
    {
      "name": "Base64HighEntropyString",
      "limit": 4.5
    },
    {
      "name": "BasicAuthDetector"
    },
    {
      "name": "CloudantDetector"
    },
    {
      "name": "DiscordBotTokenDetector"
    },
    {
      "name": "GitHubTokenDetector"
    },
    {
      "name": "GitLabTokenDetector"
    },
    {
      "name": "HexHighEntropyString",
      "limit": 3.0
    },
    {
      "name": "IbmCloudIamDetector"
    },
    {
      "name": "IbmCosHmacDetector"
    },
    {
      "name": "IPPublicDetector"
    },
    {
      "name": "JwtTokenDetector"
    },
    {
      "name": "KeywordDetector",
      "keyword_exclude": ""
    },
    {
      "name": "MailchimpDetector"
    },
    {
      "name": "NpmDetector"
    },
    {
      "name": "OpenAIDetector"
    },
    {
      "name": "PrivateKeyDetector"
    },
    {
      "name": "PypiTokenDetector"
    },
    {
      "name": "SendGridDetector"
    },
    {
      "name": "SlackDetector"
    },
    {
      "name": "SoftlayerDetector"
    },
    {
      "name": "SquareOAuthDetector"
    },
    {
      "name": "StripeDetector"
    },
    {
      "name": "TelegramBotTokenDetector"
    },
    {
      "name": "TwilioKeyDetector"
    }
  ],
  "filters_used": [
    {
      "path": "detect_secrets.filters.allowlist.is_line_allowlisted"
    },
    {
      "path": "detect_secrets.filters.common.is_baseline_file",
      "filename": ".secrets.baseline"
    },
    {
      "path": "detect_secrets.filters.common.is_ignored_due_to_verification_policies",
      "min_level": 2
    },
    {
      "path": "detect_secrets.filters.heuristic.is_indirect_reference"
    },
    {
      "path": "detect_secrets.filters.heuristic.is_likely_id_string"
    },
    {
      "path": "detect_secrets.filters.heuristic.is_lock_file"
    },
    {
      "path": "detect_secrets.filters.heuristic.is_not_alphanumeric_string"
    },
    {
      "path": "detect_secrets.filters.heuristic.is_potential_uuid"
    },
    {
      "path": "detect_secrets.filters.heuristic.is_prefixed_with_dollar_sign"
    },
    {
      "path": "detect_secrets.filters.heuristic.is_sequential_string"
    },
    {
      "path": "detect_secrets.filters.heuristic.is_swagger_file"
    },
    {
      "path": "detect_secrets.filters.heuristic.is_templated_secret"
    }
  ],
  "results": {
    ".env.example": [
      {
        "type": "Basic Auth Credentials",
        "filename": ".env.example",
        "hashed_secret": "7cd3f1056838aff1aadd15a1975062c9b0a99cae",
        "is_verified": false,
        "line_number": 11
      }
    ],
    "01a017c7-a4eb-7430-9101-8c229dd5da3b.patch": [
      {
        "type": "Hex High Entropy String",
        "filename": "01a017c7-a4eb-7430-9101-8c229dd5da3b.patch",
        "hashed_secret": "b8e21b495e1891ed4a28d99c9e19f6a809f87ab5",
        "is_verified": false,
        "line_number": 3163
      },
      {
        "type": "Hex High Entropy String",
        "filename": "01a017c7-a4eb-7430-9101-8c229dd5da3b.patch",
        "hashed_secret": "ef3345ac1e7713c82e3a7bc879434246e2dd1bd3",
        "is_verified": false,
        "line_number": 3201
      }
    ],
    "HOJA_DE_RUTA_Y_ESTADO_DEL_PROYECTO.md": [
      {
        "type": "Secret Keyword",
        "filename": "HOJA_DE_RUTA_Y_ESTADO_DEL_PROYECTO.md",
        "hashed_secret": "c94bb09517d9ac24a80afe31ac1ac5ca05a52595",
        "is_verified": false,
        "line_number": 1852
      }
    ],
    "app/database.py": [
      {
        "type": "Hex High Entropy String",
        "filename": "app/database.py",
        "hashed_secret": "67e71f59c479818d8d271427edeaee49eae77ffe",
        "is_verified": false,
        "line_number": 94
      },
      {
        "type": "Hex High Entropy String",
        "filename": "app/database.py",
        "hashed_secret": "7a04dd1bd15a7cbdb6b049e6810fca217aacb643",
        "is_verified": false,
        "line_number": 679
      }
    ],
    "app/health.py": [
      {
        "type": "Secret Keyword",
        "filename": "app/health.py",
        "hashed_secret": "c94bb09517d9ac24a80afe31ac1ac5ca05a52595",
        "is_verified": false,
        "line_number": 131
      }
    ],
    "app/logs.py": [
      {
        "type": "Basic Auth Credentials",
        "filename": "app/logs.py",
        "hashed_secret": "8927bd748f26a7258a01e318a7e1e7585458a228",
        "is_verified": false,
        "line_number": 9
      }
    ],
    "app/paises.py": [
      {
        "type": "Hex High Entropy String",
        "filename": "app/paises.py",
        "hashed_secret": "9c3ebd3616d74949b59e36a6062d78f002a14d02",
        "is_verified": false,
        "line_number": 327
      }
    ],
    "docs/BASE_DE_DATOS_WEB.md": [
      {
        "type": "Basic Auth Credentials",
        "filename": "docs/BASE_DE_DATOS_WEB.md",
        "hashed_secret": "8927bd748f26a7258a01e318a7e1e7585458a228",
        "is_verified": false,
        "line_number": 13
      }
    ],
    "docs/DATOS_SENSIBLES.md": [
      {
        "type": "Basic Auth Credentials",
        "filename": "docs/DATOS_SENSIBLES.md",
        "hashed_secret": "8c31b65bdecdc9f18b695d7318186fd1feed690d",
        "is_verified": false,
        "line_number": 32
      },
      {
        "type": "Basic Auth Credentials",
        "filename": "docs/DATOS_SENSIBLES.md",
        "hashed_secret": "e5e9fa1ba31ecd1ae84f75caaa474f3a663f05f4",
        "is_verified": false,
        "line_number": 78
      },
      {
        "type": "Basic Auth Credentials",
        "filename": "docs/DATOS_SENSIBLES.md",
        "hashed_secret": "7cd3f1056838aff1aadd15a1975062c9b0a99cae",
        "is_verified": false,
        "line_number": 79
      }
    ],
    "docs/GUIA_STAGING_POR_CLICS.md": [
      {
        "type": "Basic Auth Credentials",
        "filename": "docs/GUIA_STAGING_POR_CLICS.md",
        "hashed_secret": "6f928dbcd319c8df91788c30bc599be103e4ae96",
        "is_verified": false,
        "line_number": 125
      }
    ],
    "docs/PENDIENTES_OPERATIVOS.md": [
      {
        "type": "Secret Keyword",
        "filename": "docs/PENDIENTES_OPERATIVOS.md",
        "hashed_secret": "c94bb09517d9ac24a80afe31ac1ac5ca05a52595",
        "is_verified": false,
        "line_number": 19
      }
    ],
    "docs/PUNTO_DE_CONTINUACION.md": [
      {
        "type": "Secret Keyword",
        "filename": "docs/PUNTO_DE_CONTINUACION.md",
        "hashed_secret": "c94bb09517d9ac24a80afe31ac1ac5ca05a52595",
        "is_verified": false,
        "line_number": 75
      },
      {
        "type": "Hex High Entropy String",
        "filename": "docs/PUNTO_DE_CONTINUACION.md",
        "hashed_secret": "22b9f5ef05200dfb871544eafd7caf14cbf0ce57",
        "is_verified": false,
        "line_number": 893
      }
    ],
    "docs/cargar_precios_referencia_latam_2026-08-20.sql": [
      {
        "type": "Hex High Entropy String",
        "filename": "docs/cargar_precios_referencia_latam_2026-08-20.sql",
        "hashed_secret": "a243aa851be108d3770381fe8ca124f3bbea2ac4",
        "is_verified": false,
        "line_number": 16
      }
    ],
    "docs/staging_migration.sql": [
      {
        "type": "Hex High Entropy String",
        "filename": "docs/staging_migration.sql",
        "hashed_secret": "d32378b80435a14d2c0718c08fcf419adaa96e80",
        "is_verified": false,
        "line_number": 27
      },
      {
        "type": "Hex High Entropy String",
        "filename": "docs/staging_migration.sql",
        "hashed_secret": "ec796af2ad28697392aab574c5b0d5d1fe701586",
        "is_verified": false,
        "line_number": 27
      },
      {
        "type": "Hex High Entropy String",
        "filename": "docs/staging_migration.sql",
        "hashed_secret": "b34a0fdb6bacd6f5a4ff33d75d0c9fbb0e505a75",
        "is_verified": false,
        "line_number": 57
      },
      {
        "type": "Hex High Entropy String",
        "filename": "docs/staging_migration.sql",
        "hashed_secret": "98504f503fbccb22e07089b3795a814def9e6335",
        "is_verified": false,
        "line_number": 1526
      },
      {
        "type": "Hex High Entropy String",
        "filename": "docs/staging_migration.sql",
        "hashed_secret": "ec8950b64ef8015810dbda15d47ccf8b63b3f3b2",
        "is_verified": false,
        "line_number": 1550
      },
      {
        "type": "Hex High Entropy String",
        "filename": "docs/staging_migration.sql",
        "hashed_secret": "697c7899fbdec621e53eadfa353a8e0d6525c709",
        "is_verified": false,
        "line_number": 1559
      }
    ],
    "docs/staging_upgrade_a1b2c3d4e5f6.sql": [
      {
        "type": "Hex High Entropy String",
        "filename": "docs/staging_upgrade_a1b2c3d4e5f6.sql",
        "hashed_secret": "1933ff9ddc5e7da731e272428e4fcbfe1c4ac0de",
        "is_verified": false,
        "line_number": 14
      },
      {
        "type": "Hex High Entropy String",
        "filename": "docs/staging_upgrade_a1b2c3d4e5f6.sql",
        "hashed_secret": "ef678205593788329ff416ce5c65fa04f33a05bd",
        "is_verified": false,
        "line_number": 68
      }
    ],
    "docs/staging_upgrade_a3b4c5d6e7f8.sql": [
      {
        "type": "Hex High Entropy String",
        "filename": "docs/staging_upgrade_a3b4c5d6e7f8.sql",
        "hashed_secret": "39f8d27c686d73be5fe92ba239bae558b0355807",
        "is_verified": false,
        "line_number": 5
      },
      {
        "type": "Hex High Entropy String",
        "filename": "docs/staging_upgrade_a3b4c5d6e7f8.sql",
        "hashed_secret": "5fc36eb0ddc59b3088f6bd352b93b5ed0ebf3db6",
        "is_verified": false,
        "line_number": 21
      }
    ],
    "docs/staging_upgrade_a3d7e9c1b5f2.sql": [
      {
        "type": "Hex High Entropy String",
        "filename": "docs/staging_upgrade_a3d7e9c1b5f2.sql",
        "hashed_secret": "fd89adeac0821f758598cc44e8431c5dfcaff6e9",
        "is_verified": false,
        "line_number": 18
      },
      {
        "type": "Hex High Entropy String",
        "filename": "docs/staging_upgrade_a3d7e9c1b5f2.sql",
        "hashed_secret": "6c3fd967e90aba9428cf7aecfd0e29750354f4d8",
        "is_verified": false,
        "line_number": 122
      }
    ],
    "docs/staging_upgrade_a3d9c1e75b28.sql": [
      {
        "type": "Hex High Entropy String",
        "filename": "docs/staging_upgrade_a3d9c1e75b28.sql",
        "hashed_secret": "22b9f5ef05200dfb871544eafd7caf14cbf0ce57",
        "is_verified": false,
        "line_number": 24
      },
      {
        "type": "Hex High Entropy String",
        "filename": "docs/staging_upgrade_a3d9c1e75b28.sql",
        "hashed_secret": "80d20530829b7965d56df228b33e02a7744e1abc",
        "is_verified": false,
        "line_number": 199
      }
    ],
    "docs/staging_upgrade_a4c8e2f7b1d6.sql": [
      {
        "type": "Hex High Entropy String",
        "filename": "docs/staging_upgrade_a4c8e2f7b1d6.sql",
        "hashed_secret": "3eb3accbecf7de83223e887fb91a9b7f2a2ef204",
        "is_verified": false,
        "line_number": 11
      },
      {
        "type": "Hex High Entropy String",
        "filename": "docs/staging_upgrade_a4c8e2f7b1d6.sql",
        "hashed_secret": "a243aa851be108d3770381fe8ca124f3bbea2ac4",
        "is_verified": false,
        "line_number": 39
      }
    ],
    "docs/staging_upgrade_a7b8c9d0e1f2.sql": [
      {
        "type": "Hex High Entropy String",
        "filename": "docs/staging_upgrade_a7b8c9d0e1f2.sql",
        "hashed_secret": "1933ff9ddc5e7da731e272428e4fcbfe1c4ac0de",
        "is_verified": false,
        "line_number": 6
      },
      {
        "type": "Hex High Entropy String",
        "filename": "docs/staging_upgrade_a7b8c9d0e1f2.sql",
        "hashed_secret": "84fd72911f75338c519968102b65251177d6c5f1",
        "is_verified": false,
        "line_number": 18
      }
    ],
    "docs/staging_upgrade_b4c5d6e7f8a9.sql": [
      {
        "type": "Hex High Entropy String",
        "filename": "docs/staging_upgrade_b4c5d6e7f8a9.sql",
        "hashed_secret": "5fc36eb0ddc59b3088f6bd352b93b5ed0ebf3db6",
        "is_verified": false,
        "line_number": 5
      },
      {
        "type": "Hex High Entropy String",
        "filename": "docs/staging_upgrade_b4c5d6e7f8a9.sql",
        "hashed_secret": "b29319a916d061fc2b349411332433997e5e8f23",
        "is_verified": false,
        "line_number": 17
      }
    ],
    "docs/staging_upgrade_b6d9e4c2a8f1.sql": [
      {
        "type": "Hex High Entropy String",
        "filename": "docs/staging_upgrade_b6d9e4c2a8f1.sql",
        "hashed_secret": "80d20530829b7965d56df228b33e02a7744e1abc",
        "is_verified": false,
        "line_number": 24
      },
      {
        "type": "Hex High Entropy String",
        "filename": "docs/staging_upgrade_b6d9e4c2a8f1.sql",
        "hashed_secret": "823835aa627d22bed4755f6c437eeca6e676f31a",
        "is_verified": false,
        "line_number": 175
      }
    ],
    "docs/staging_upgrade_b7c4a9e2d31f.sql": [
      {
        "type": "Hex High Entropy String",
        "filename": "docs/staging_upgrade_b7c4a9e2d31f.sql",
        "hashed_secret": "24735b9b56ef9b00a70e0157daae57d154f029e4",
        "is_verified": false,
        "line_number": 32
      },
      {
        "type": "Hex High Entropy String",
        "filename": "docs/staging_upgrade_b7c4a9e2d31f.sql",
        "hashed_secret": "d37af155292dcea94f2fb46a2689d963c539d48c",
        "is_verified": false,
        "line_number": 109
      }
    ],
    "docs/staging_upgrade_b8c9d0e1f2a3.sql": [
      {
        "type": "Hex High Entropy String",
        "filename": "docs/staging_upgrade_b8c9d0e1f2a3.sql",
        "hashed_secret": "84fd72911f75338c519968102b65251177d6c5f1",
        "is_verified": false,
        "line_number": 6
      },
      {
        "type": "Hex High Entropy String",
        "filename": "docs/staging_upgrade_b8c9d0e1f2a3.sql",
        "hashed_secret": "0aa883f284b6d231eb4dcead7f5fe9475f5a5ebf",
        "is_verified": false,
        "line_number": 19
      }
    ],
    "docs/staging_upgrade_b9f4d8a2c6e1.sql": [
      {
        "type": "Hex High Entropy String",
        "filename": "docs/staging_upgrade_b9f4d8a2c6e1.sql",
        "hashed_secret": "4a52c8879e487329db0cac695a0d1f71765e93a3",
        "is_verified": false,
        "line_number": 21
      },
      {
        "type": "Hex High Entropy String",
        "filename": "docs/staging_upgrade_b9f4d8a2c6e1.sql",
        "hashed_secret": "3eb3accbecf7de83223e887fb91a9b7f2a2ef204",
        "is_verified": false,
        "line_number": 84
      }
    ],
    "docs/staging_upgrade_c2f6e8a1d934.sql": [
      {
        "type": "Hex High Entropy String",
        "filename": "docs/staging_upgrade_c2f6e8a1d934.sql",
        "hashed_secret": "d37af155292dcea94f2fb46a2689d963c539d48c",
        "is_verified": false,
        "line_number": 12
      },
      {
        "type": "Hex High Entropy String",
        "filename": "docs/staging_upgrade_c2f6e8a1d934.sql",
        "hashed_secret": "fd89adeac0821f758598cc44e8431c5dfcaff6e9",
        "is_verified": false,
        "line_number": 245
      }
    ],
    "docs/staging_upgrade_c3e9a1b7d4f2.sql": [
      {
        "type": "Hex High Entropy String",
        "filename": "docs/staging_upgrade_c3e9a1b7d4f2.sql",
        "hashed_secret": "a243aa851be108d3770381fe8ca124f3bbea2ac4",
        "is_verified": false,
        "line_number": 11
      },
      {
        "type": "Hex High Entropy String",
        "filename": "docs/staging_upgrade_c3e9a1b7d4f2.sql",
        "hashed_secret": "7a04dd1bd15a7cbdb6b049e6810fca217aacb643",
        "is_verified": false,
        "line_number": 51
      }
    ],
    "docs/staging_upgrade_c5d6e7f8a9b0.sql": [
      {
        "type": "Hex High Entropy String",
        "filename": "docs/staging_upgrade_c5d6e7f8a9b0.sql",
        "hashed_secret": "b29319a916d061fc2b349411332433997e5e8f23",
        "is_verified": false,
        "line_number": 5
      },
      {
        "type": "Hex High Entropy String",
        "filename": "docs/staging_upgrade_c5d6e7f8a9b0.sql",
        "hashed_secret": "9952bb8ddd4f5215205287af318e3dc7e2ad95b0",
        "is_verified": false,
        "line_number": 9
      }
    ],
    "docs/staging_upgrade_c7f1a3b9d425.sql": [
      {
        "type": "Hex High Entropy String",
        "filename": "docs/staging_upgrade_c7f1a3b9d425.sql",
        "hashed_secret": "0755585fc97867e13cc14a0d6d48e4c51bc269fa",
        "is_verified": false,
        "line_number": 13
      },
      {
        "type": "Hex High Entropy String",
        "filename": "docs/staging_upgrade_c7f1a3b9d425.sql",
        "hashed_secret": "22b9f5ef05200dfb871544eafd7caf14cbf0ce57",
        "is_verified": false,
        "line_number": 35
      }
    ],
    "docs/staging_upgrade_c8f1a2b3d4e5.sql": [
      {
        "type": "Hex High Entropy String",
        "filename": "docs/staging_upgrade_c8f1a2b3d4e5.sql",
        "hashed_secret": "0274bd7aed139fb37c5a3c9f5b92851e866b6c24",
        "is_verified": false,
        "line_number": 17
      },
      {
        "type": "Hex High Entropy String",
        "filename": "docs/staging_upgrade_c8f1a2b3d4e5.sql",
        "hashed_secret": "b8e21b495e1891ed4a28d99c9e19f6a809f87ab5",
        "is_verified": false,
        "line_number": 34
      }
    ],
    "docs/staging_upgrade_c9d0e1f2a3b4.sql": [
      {
        "type": "Hex High Entropy String",
        "filename": "docs/staging_upgrade_c9d0e1f2a3b4.sql",
        "hashed_secret": "0aa883f284b6d231eb4dcead7f5fe9475f5a5ebf",
        "is_verified": false,
        "line_number": 6
      },
      {
        "type": "Hex High Entropy String",
        "filename": "docs/staging_upgrade_c9d0e1f2a3b4.sql",
        "hashed_secret": "2726b462ecb944ccc6e89294d1c9e49bd1c8b32d",
        "is_verified": false,
        "line_number": 13
      }
    ],
    "docs/staging_upgrade_d0e1f2a3b4c5.sql": [
      {
        "type": "Hex High Entropy String",
        "filename": "docs/staging_upgrade_d0e1f2a3b4c5.sql",
        "hashed_secret": "2726b462ecb944ccc6e89294d1c9e49bd1c8b32d",
        "is_verified": false,
        "line_number": 6
      },
      {
        "type": "Hex High Entropy String",
        "filename": "docs/staging_upgrade_d0e1f2a3b4c5.sql",
        "hashed_secret": "b80ad0ac78f9a45bafe5cc4b361602340914648e",
        "is_verified": false,
        "line_number": 12
      }
    ],
    "docs/staging_upgrade_d2a7c9e4f1b3.sql": [
      {
        "type": "Hex High Entropy String",
        "filename": "docs/staging_upgrade_d2a7c9e4f1b3.sql",
        "hashed_secret": "823835aa627d22bed4755f6c437eeca6e676f31a",
        "is_verified": false,
        "line_number": 28
      },
      {
        "type": "Hex High Entropy String",
        "filename": "docs/staging_upgrade_d2a7c9e4f1b3.sql",
        "hashed_secret": "0274bd7aed139fb37c5a3c9f5b92851e866b6c24",
        "is_verified": false,
        "line_number": 227
      }
    ],
    "docs/staging_upgrade_d4e2f6a8b0c1.sql": [
      {
        "type": "Hex High Entropy String",
        "filename": "docs/staging_upgrade_d4e2f6a8b0c1.sql",
        "hashed_secret": "ef678205593788329ff416ce5c65fa04f33a05bd",
        "is_verified": false,
        "line_number": 18
      },
      {
        "type": "Hex High Entropy String",
        "filename": "docs/staging_upgrade_d4e2f6a8b0c1.sql",
        "hashed_secret": "0755585fc97867e13cc14a0d6d48e4c51bc269fa",
        "is_verified": false,
        "line_number": 101
      }
    ],
    "docs/staging_upgrade_d6e2f9c4b8a1.sql": [
      {
        "type": "Hex High Entropy String",
        "filename": "docs/staging_upgrade_d6e2f9c4b8a1.sql",
        "hashed_secret": "977cb0373943b0994facfdfdbedf87fd535832b5",
        "is_verified": false,
        "line_number": 12
      },
      {
        "type": "Hex High Entropy String",
        "filename": "docs/staging_upgrade_d6e2f9c4b8a1.sql",
        "hashed_secret": "b29a77729db49a3bffab185a244f282967d7039c",
        "is_verified": false,
        "line_number": 46
      }
    ],
    "docs/staging_upgrade_d7f2a9c41e63.sql": [
      {
        "type": "Hex High Entropy String",
        "filename": "docs/staging_upgrade_d7f2a9c41e63.sql",
        "hashed_secret": "ec8950b64ef8015810dbda15d47ccf8b63b3f3b2",
        "is_verified": false,
        "line_number": 33
      },
      {
        "type": "Hex High Entropy String",
        "filename": "docs/staging_upgrade_d7f2a9c41e63.sql",
        "hashed_secret": "98504f503fbccb22e07089b3795a814def9e6335",
        "is_verified": false,
        "line_number": 34
      }
    ],
    "docs/staging_upgrade_d9e2f3a4b5c6.sql": [
      {
        "type": "Hex High Entropy String",
        "filename": "docs/staging_upgrade_d9e2f3a4b5c6.sql",
        "hashed_secret": "b8e21b495e1891ed4a28d99c9e19f6a809f87ab5",
        "is_verified": false,
        "line_number": 16
      },
      {
        "type": "Hex High Entropy String",
        "filename": "docs/staging_upgrade_d9e2f3a4b5c6.sql",
        "hashed_secret": "ef3345ac1e7713c82e3a7bc879434246e2dd1bd3",
        "is_verified": false,
        "line_number": 31
      }
    ],
    "docs/staging_upgrade_d9e2f3a4b5c6_to_c5d6e7f8a9b0.sql": [
      {
        "type": "Hex High Entropy String",
        "filename": "docs/staging_upgrade_d9e2f3a4b5c6_to_c5d6e7f8a9b0.sql",
        "hashed_secret": "ef3345ac1e7713c82e3a7bc879434246e2dd1bd3",
        "is_verified": false,
        "line_number": 6
      },
      {
        "type": "Hex High Entropy String",
        "filename": "docs/staging_upgrade_d9e2f3a4b5c6_to_c5d6e7f8a9b0.sql",
        "hashed_secret": "9952bb8ddd4f5215205287af318e3dc7e2ad95b0",
        "is_verified": false,
        "line_number": 59
      }
    ],
    "docs/staging_upgrade_e1a4b7c9d2f0.sql": [
      {
        "type": "Hex High Entropy String",
        "filename": "docs/staging_upgrade_e1a4b7c9d2f0.sql",
        "hashed_secret": "ec8950b64ef8015810dbda15d47ccf8b63b3f3b2",
        "is_verified": false,
        "line_number": 20
      },
      {
        "type": "Hex High Entropy String",
        "filename": "docs/staging_upgrade_e1a4b7c9d2f0.sql",
        "hashed_secret": "697c7899fbdec621e53eadfa353a8e0d6525c709",
        "is_verified": false,
        "line_number": 35
      }
    ],
    "docs/staging_upgrade_e1f2a3b4c5d6.sql": [
      {
        "type": "Hex High Entropy String",
        "filename": "docs/staging_upgrade_e1f2a3b4c5d6.sql",
        "hashed_secret": "b80ad0ac78f9a45bafe5cc4b361602340914648e",
        "is_verified": false,
        "line_number": 6
      },
      {
        "type": "Hex High Entropy String",
        "filename": "docs/staging_upgrade_e1f2a3b4c5d6.sql",
        "hashed_secret": "9b094435d625c9385a1bb083604f87fa7c225da0",
        "is_verified": false,
        "line_number": 11
      }
    ],
    "docs/staging_upgrade_e5f2a8d31b6c.sql": [
      {
        "type": "Hex High Entropy String",
        "filename": "docs/staging_upgrade_e5f2a8d31b6c.sql",
        "hashed_secret": "b29a77729db49a3bffab185a244f282967d7039c",
        "is_verified": false,
        "line_number": 12
      },
      {
        "type": "Hex High Entropy String",
        "filename": "docs/staging_upgrade_e5f2a8d31b6c.sql",
        "hashed_secret": "ad6ebff74f598031464faa3fa96098b98f3675a3",
        "is_verified": false,
        "line_number": 94
      }
    ],
    "docs/staging_upgrade_e7b3c1d5a204.sql": [
      {
        "type": "Hex High Entropy String",
        "filename": "docs/staging_upgrade_e7b3c1d5a204.sql",
        "hashed_secret": "9952bb8ddd4f5215205287af318e3dc7e2ad95b0",
        "is_verified": false,
        "line_number": 7
      },
      {
        "type": "Hex High Entropy String",
        "filename": "docs/staging_upgrade_e7b3c1d5a204.sql",
        "hashed_secret": "4a52c8879e487329db0cac695a0d1f71765e93a3",
        "is_verified": false,
        "line_number": 33
      }
    ],
    "docs/staging_upgrade_f2a3b4c5d6e7.sql": [
      {
        "type": "Hex High Entropy String",
        "filename": "docs/staging_upgrade_f2a3b4c5d6e7.sql",
        "hashed_secret": "9b094435d625c9385a1bb083604f87fa7c225da0",
        "is_verified": false,
        "line_number": 6
      },
      {
        "type": "Hex High Entropy String",
        "filename": "docs/staging_upgrade_f2a3b4c5d6e7.sql",
        "hashed_secret": "39f8d27c686d73be5fe92ba239bae558b0355807",
        "is_verified": false,
        "line_number": 24
      }
    ],
    "docs/staging_upgrade_f4c1d8e37a95.sql": [
      {
        "type": "Hex High Entropy String",
        "filename": "docs/staging_upgrade_f4c1d8e37a95.sql",
        "hashed_secret": "697c7899fbdec621e53eadfa353a8e0d6525c709",
        "is_verified": false,
        "line_number": 21
      },
      {
        "type": "Hex High Entropy String",
        "filename": "docs/staging_upgrade_f4c1d8e37a95.sql",
        "hashed_secret": "24735b9b56ef9b00a70e0157daae57d154f029e4",
        "is_verified": false,
        "line_number": 109
      }
    ],
    "docs/staging_upgrade_f8a1b2c3d4e5.sql": [
      {
        "type": "Hex High Entropy String",
        "filename": "docs/staging_upgrade_f8a1b2c3d4e5.sql",
        "hashed_secret": "6c3fd967e90aba9428cf7aecfd0e29750354f4d8",
        "is_verified": false,
        "line_number": 12
      },
      {
        "type": "Hex High Entropy String",
        "filename": "docs/staging_upgrade_f8a1b2c3d4e5.sql",
        "hashed_secret": "977cb0373943b0994facfdfdbedf87fd535832b5",
        "is_verified": false,
        "line_number": 91
      }
    ],
    "docs/staging_upgrade_f9d4c2a7e5b3.sql": [
      {
        "type": "Hex High Entropy String",
        "filename": "docs/staging_upgrade_f9d4c2a7e5b3.sql",
        "hashed_secret": "ad6ebff74f598031464faa3fa96098b98f3675a3",
        "is_verified": false,
        "line_number": 12
      },
      {
        "type": "Hex High Entropy String",
        "filename": "docs/staging_upgrade_f9d4c2a7e5b3.sql",
        "hashed_secret": "1933ff9ddc5e7da731e272428e4fcbfe1c4ac0de",
        "is_verified": false,
        "line_number": 66
      }
    ],
    "migrations/versions/5cda50f97ed9_baseline_browser_first_schema.py": [
      {
        "type": "Hex High Entropy String",
        "filename": "migrations/versions/5cda50f97ed9_baseline_browser_first_schema.py",
        "hashed_secret": "12905cb40bc8872d240df38cec86c73e9d5fe8e3",
        "is_verified": false,
        "line_number": 15
      }
    ],
    "migrations/versions/72e6f4d8a1c3_add_private_storage_metadata.py": [
      {
        "type": "Hex High Entropy String",
        "filename": "migrations/versions/72e6f4d8a1c3_add_private_storage_metadata.py",
        "hashed_secret": "ec796af2ad28697392aab574c5b0d5d1fe701586",
        "is_verified": false,
        "line_number": 13
      }
    ],
    "migrations/versions/9bca2ad1f6e4_link_supabase_auth_identity.py": [
      {
        "type": "Hex High Entropy String",
        "filename": "migrations/versions/9bca2ad1f6e4_link_supabase_auth_identity.py",
        "hashed_secret": "d32378b80435a14d2c0718c08fcf419adaa96e80",
        "is_verified": false,
        "line_number": 14
      }
    ],
    "migrations/versions/a1b2c3d4e5f6_fix_license_info_type_mismatch.py": [
      {
        "type": "Hex High Entropy String",
        "filename": "migrations/versions/a1b2c3d4e5f6_fix_license_info_type_mismatch.py",
        "hashed_secret": "ef678205593788329ff416ce5c65fa04f33a05bd",
        "is_verified": false,
        "line_number": 21
      }
    ],
    "migrations/versions/a3b4c5d6e7f8_market_price_history_and_rows.py": [
      {
        "type": "Hex High Entropy String",
        "filename": "migrations/versions/a3b4c5d6e7f8_market_price_history_and_rows.py",
        "hashed_secret": "39f8d27c686d73be5fe92ba239bae558b0355807",
        "is_verified": false,
        "line_number": 5
      },
      {
        "type": "Hex High Entropy String",
        "filename": "migrations/versions/a3b4c5d6e7f8_market_price_history_and_rows.py",
        "hashed_secret": "5fc36eb0ddc59b3088f6bd352b93b5ed0ebf3db6",
        "is_verified": false,
        "line_number": 5
      }
    ],
    "migrations/versions/a3d7e9c1b5f2_baja_organizacion_function.py": [
      {
        "type": "Hex High Entropy String",
        "filename": "migrations/versions/a3d7e9c1b5f2_baja_organizacion_function.py",
        "hashed_secret": "6c3fd967e90aba9428cf7aecfd0e29750354f4d8",
        "is_verified": false,
        "line_number": 29
      }
    ],
    "migrations/versions/a3d9c1e75b28_prueba_gratuita_registro.py": [
      {
        "type": "Hex High Entropy String",
        "filename": "migrations/versions/a3d9c1e75b28_prueba_gratuita_registro.py",
        "hashed_secret": "80d20530829b7965d56df228b33e02a7744e1abc",
        "is_verified": false,
        "line_number": 39
      }
    ],
    "migrations/versions/a4c8e2f7b1d6_market_price_evidence.py": [
      {
        "type": "Hex High Entropy String",
        "filename": "migrations/versions/a4c8e2f7b1d6_market_price_evidence.py",
        "hashed_secret": "a243aa851be108d3770381fe8ca124f3bbea2ac4",
        "is_verified": false,
        "line_number": 12
      }
    ],
    "migrations/versions/a7b8c9d0e1f2_unified_currency_context.py": [
      {
        "type": "Hex High Entropy String",
        "filename": "migrations/versions/a7b8c9d0e1f2_unified_currency_context.py",
        "hashed_secret": "84fd72911f75338c519968102b65251177d6c5f1",
        "is_verified": false,
        "line_number": 7
      }
    ],
    "migrations/versions/a84d2f6b91e0_add_secure_organization_invitations.py": [
      {
        "type": "Hex High Entropy String",
        "filename": "migrations/versions/a84d2f6b91e0_add_secure_organization_invitations.py",
        "hashed_secret": "b34a0fdb6bacd6f5a4ff33d75d0c9fbb0e505a75",
        "is_verified": false,
        "line_number": 14
      }
    ],
    "migrations/versions/b1c2d3e4f5a6_ocultar_guia_inicio.py": [
      {
        "type": "Hex High Entropy String",
        "filename": "migrations/versions/b1c2d3e4f5a6_ocultar_guia_inicio.py",
        "hashed_secret": "67e71f59c479818d8d271427edeaee49eae77ffe",
        "is_verified": false,
        "line_number": 16
      }
    ],
    "migrations/versions/b4c5d6e7f8a9_resource_operational_metadata.py": [
      {
        "type": "Hex High Entropy String",
        "filename": "migrations/versions/b4c5d6e7f8a9_resource_operational_metadata.py",
        "hashed_secret": "5fc36eb0ddc59b3088f6bd352b93b5ed0ebf3db6",
        "is_verified": false,
        "line_number": 5
      },
      {
        "type": "Hex High Entropy String",
        "filename": "migrations/versions/b4c5d6e7f8a9_resource_operational_metadata.py",
        "hashed_secret": "b29319a916d061fc2b349411332433997e5e8f23",
        "is_verified": false,
        "line_number": 5
      }
    ],
    "migrations/versions/b6d9e4c2a8f1_consentimiento_terminos.py": [
      {
        "type": "Hex High Entropy String",
        "filename": "migrations/versions/b6d9e4c2a8f1_consentimiento_terminos.py",
        "hashed_secret": "823835aa627d22bed4755f6c437eeca6e676f31a",
        "is_verified": false,
        "line_number": 47
      }
    ],
    "migrations/versions/b7c4a9e2d31f_license_cutoff_and_operator_visibility.py": [
      {
        "type": "Hex High Entropy String",
        "filename": "migrations/versions/b7c4a9e2d31f_license_cutoff_and_operator_visibility.py",
        "hashed_secret": "d37af155292dcea94f2fb46a2689d963c539d48c",
        "is_verified": false,
        "line_number": 38
      }
    ],
    "migrations/versions/b8c9d0e1f2a3_currency_context_snapshots.py": [
      {
        "type": "Hex High Entropy String",
        "filename": "migrations/versions/b8c9d0e1f2a3_currency_context_snapshots.py",
        "hashed_secret": "0aa883f284b6d231eb4dcead7f5fe9475f5a5ebf",
        "is_verified": false,
        "line_number": 6
      }
    ],
    "migrations/versions/b9f4d8a2c6e1_rendimiento_indices_calientes.py": [
      {
        "type": "Hex High Entropy String",
        "filename": "migrations/versions/b9f4d8a2c6e1_rendimiento_indices_calientes.py",
        "hashed_secret": "3eb3accbecf7de83223e887fb91a9b7f2a2ef204",
        "is_verified": false,
        "line_number": 27
      }
    ],
    "migrations/versions/c2f6e8a1d934_public_proposal_links.py": [
      {
        "type": "Hex High Entropy String",
        "filename": "migrations/versions/c2f6e8a1d934_public_proposal_links.py",
        "hashed_secret": "fd89adeac0821f758598cc44e8431c5dfcaff6e9",
        "is_verified": false,
        "line_number": 23
      }
    ],
    "migrations/versions/c3e9a1b7d4f2_stripe_checkout.py": [
      {
        "type": "Hex High Entropy String",
        "filename": "migrations/versions/c3e9a1b7d4f2_stripe_checkout.py",
        "hashed_secret": "7a04dd1bd15a7cbdb6b049e6810fca217aacb643",
        "is_verified": false,
        "line_number": 13
      }
    ],
    "migrations/versions/c5d6e7f8a9b0_merge_currency_heads.py": [
      {
        "type": "Hex High Entropy String",
        "filename": "migrations/versions/c5d6e7f8a9b0_merge_currency_heads.py",
        "hashed_secret": "9952bb8ddd4f5215205287af318e3dc7e2ad95b0",
        "is_verified": false,
        "line_number": 3
      }
    ],
    "migrations/versions/c7f1a3b9d425_compra_periodo_licencia.py": [
      {
        "type": "Hex High Entropy String",
        "filename": "migrations/versions/c7f1a3b9d425_compra_periodo_licencia.py",
        "hashed_secret": "22b9f5ef05200dfb871544eafd7caf14cbf0ce57",
        "is_verified": false,
        "line_number": 25
      }
    ],
    "migrations/versions/c8f1a2b3d4e5_add_etiqueta_fiscal_latam.py": [
      {
        "type": "Hex High Entropy String",
        "filename": "migrations/versions/c8f1a2b3d4e5_add_etiqueta_fiscal_latam.py",
        "hashed_secret": "b8e21b495e1891ed4a28d99c9e19f6a809f87ab5",
        "is_verified": false,
        "line_number": 20
      }
    ],
    "migrations/versions/c93e7a4d20f1_add_application_role_and_tenant_rls.py": [
      {
        "type": "Hex High Entropy String",
        "filename": "migrations/versions/c93e7a4d20f1_add_application_role_and_tenant_rls.py",
        "hashed_secret": "98504f503fbccb22e07089b3795a814def9e6335",
        "is_verified": false,
        "line_number": 14
      }
    ],
    "migrations/versions/c9d0e1f2a3b4_currency_on_catalog_values.py": [
      {
        "type": "Hex High Entropy String",
        "filename": "migrations/versions/c9d0e1f2a3b4_currency_on_catalog_values.py",
        "hashed_secret": "2726b462ecb944ccc6e89294d1c9e49bd1c8b32d",
        "is_verified": false,
        "line_number": 6
      }
    ],
    "migrations/versions/d0e1f2a3b4c5_scope_change_currency.py": [
      {
        "type": "Hex High Entropy String",
        "filename": "migrations/versions/d0e1f2a3b4c5_scope_change_currency.py",
        "hashed_secret": "b80ad0ac78f9a45bafe5cc4b361602340914648e",
        "is_verified": false,
        "line_number": 6
      }
    ],
    "migrations/versions/d2a7c9e4f1b3_audit_log_and_complete_baja.py": [
      {
        "type": "Hex High Entropy String",
        "filename": "migrations/versions/d2a7c9e4f1b3_audit_log_and_complete_baja.py",
        "hashed_secret": "0274bd7aed139fb37c5a3c9f5b92851e866b6c24",
        "is_verified": false,
        "line_number": 40
      }
    ],
    "migrations/versions/d4e2f6a8b0c1_license_info_chained_access.py": [
      {
        "type": "Hex High Entropy String",
        "filename": "migrations/versions/d4e2f6a8b0c1_license_info_chained_access.py",
        "hashed_secret": "0755585fc97867e13cc14a0d6d48e4c51bc269fa",
        "is_verified": false,
        "line_number": 26
      }
    ],
    "migrations/versions/d6e2f9c4b8a1_catalog_visibility.py": [
      {
        "type": "Hex High Entropy String",
        "filename": "migrations/versions/d6e2f9c4b8a1_catalog_visibility.py",
        "hashed_secret": "b29a77729db49a3bffab185a244f282967d7039c",
        "is_verified": false,
        "line_number": 12
      }
    ],
    "migrations/versions/d7f2a9c41e63_fix_invitation_select_policy_on_acceptance.py": [
      {
        "type": "Hex High Entropy String",
        "filename": "migrations/versions/d7f2a9c41e63_fix_invitation_select_policy_on_acceptance.py",
        "hashed_secret": "ec8950b64ef8015810dbda15d47ccf8b63b3f3b2",
        "is_verified": false,
        "line_number": 28
      }
    ],
    "migrations/versions/d9e2f3a4b5c6_add_tasa_cambio_latam.py": [
      {
        "type": "Hex High Entropy String",
        "filename": "migrations/versions/d9e2f3a4b5c6_add_tasa_cambio_latam.py",
        "hashed_secret": "ef3345ac1e7713c82e3a7bc879434246e2dd1bd3",
        "is_verified": false,
        "line_number": 14
      }
    ],
    "migrations/versions/e1a4b7c9d2f0_harden_alembic_version_visibility.py": [
      {
        "type": "Hex High Entropy String",
        "filename": "migrations/versions/e1a4b7c9d2f0_harden_alembic_version_visibility.py",
        "hashed_secret": "697c7899fbdec621e53eadfa353a8e0d6525c709",
        "is_verified": false,
        "line_number": 24
      }
    ],
    "migrations/versions/e1f2a3b4c5d6_config_currency_source.py": [
      {
        "type": "Hex High Entropy String",
        "filename": "migrations/versions/e1f2a3b4c5d6_config_currency_source.py",
        "hashed_secret": "9b094435d625c9385a1bb083604f87fa7c225da0",
        "is_verified": false,
        "line_number": 6
      }
    ],
    "migrations/versions/e5f2a8d31b6c_add_plan_purchases.py": [
      {
        "type": "Hex High Entropy String",
        "filename": "migrations/versions/e5f2a8d31b6c_add_plan_purchases.py",
        "hashed_secret": "ad6ebff74f598031464faa3fa96098b98f3675a3",
        "is_verified": false,
        "line_number": 26
      }
    ],
    "migrations/versions/e7b3c1d5a204_market_prices_grants_and_rls.py": [
      {
        "type": "Hex High Entropy String",
        "filename": "migrations/versions/e7b3c1d5a204_market_prices_grants_and_rls.py",
        "hashed_secret": "4a52c8879e487329db0cac695a0d1f71765e93a3",
        "is_verified": false,
        "line_number": 30
      }
    ],
    "migrations/versions/f2a3b4c5d6e7_resource_market_prices.py": [
      {
        "type": "Hex High Entropy String",
        "filename": "migrations/versions/f2a3b4c5d6e7_resource_market_prices.py",
        "hashed_secret": "39f8d27c686d73be5fe92ba239bae558b0355807",
        "is_verified": false,
        "line_number": 6
      }
    ],
    "migrations/versions/f4c1d8e37a95_add_operator_licenses.py": [
      {
        "type": "Hex High Entropy String",
        "filename": "migrations/versions/f4c1d8e37a95_add_operator_licenses.py",
        "hashed_secret": "24735b9b56ef9b00a70e0157daae57d154f029e4",
        "is_verified": false,
        "line_number": 34
      }
    ],
    "migrations/versions/f8a1b2c3d4e5_catalog_taxonomy_v2.py": [
      {
        "type": "Hex High Entropy String",
        "filename": "migrations/versions/f8a1b2c3d4e5_catalog_taxonomy_v2.py",
        "hashed_secret": "977cb0373943b0994facfdfdbedf87fd535832b5",
        "is_verified": false,
        "line_number": 12
      }
    ],
    "migrations/versions/f9d4c2a7e5b3_organization_license_info.py": [
      {
        "type": "Hex High Entropy String",
        "filename": "migrations/versions/f9d4c2a7e5b3_organization_license_info.py",
        "hashed_secret": "1933ff9ddc5e7da731e272428e4fcbfe1c4ac0de",
        "is_verified": false,
        "line_number": 19
      }
    ],
    "tests/test_aislamiento_almacenamiento.py": [
      {
        "type": "Secret Keyword",
        "filename": "tests/test_aislamiento_almacenamiento.py",
        "hashed_secret": "35d450e36ff102957c0e59c6ca4ce90a2b96097f",
        "is_verified": false,
        "line_number": 179
      }
    ],
    "tests/test_auditoria_archivos.py": [
      {
        "type": "Secret Keyword",
        "filename": "tests/test_auditoria_archivos.py",
        "hashed_secret": "35d450e36ff102957c0e59c6ca4ce90a2b96097f",
        "is_verified": false,
        "line_number": 112
      }
    ],
    "tests/test_auth.py": [
      {
        "type": "JSON Web Token",
        "filename": "tests/test_auth.py",
        "hashed_secret": "3c518f97339bdaa0e0462ec9ae64310007bd926f",
        "is_verified": false,
        "line_number": 109
      },
      {
        "type": "Secret Keyword",
        "filename": "tests/test_auth.py",
        "hashed_secret": "8a156ba7d1efa02d07ef389f55c1dd8cf43d8ead",
        "is_verified": false,
        "line_number": 184
      },
      {
        "type": "Secret Keyword",
        "filename": "tests/test_auth.py",
        "hashed_secret": "3161988d4b492f863dadcf545f2d30338c0ae34c",
        "is_verified": false,
        "line_number": 210
      }
    ],
    "tests/test_baja_organizacion.py": [
      {
        "type": "Hex High Entropy String",
        "filename": "tests/test_baja_organizacion.py",
        "hashed_secret": "fd89adeac0821f758598cc44e8431c5dfcaff6e9",
        "is_verified": false,
        "line_number": 261
      },
      {
        "type": "Hex High Entropy String",
        "filename": "tests/test_baja_organizacion.py",
        "hashed_secret": "6c3fd967e90aba9428cf7aecfd0e29750354f4d8",
        "is_verified": false,
        "line_number": 262
      }
    ],
    "tests/test_consentimiento.py": [
      {
        "type": "Secret Keyword",
        "filename": "tests/test_consentimiento.py",
        "hashed_secret": "5d2b626a1dfd2bc53e08a2a57c9df47bf1f30271",
        "is_verified": false,
        "line_number": 258
      },
      {
        "type": "Hex High Entropy String",
        "filename": "tests/test_consentimiento.py",
        "hashed_secret": "80d20530829b7965d56df228b33e02a7744e1abc",
        "is_verified": false,
        "line_number": 518
      }
    ],
    "tests/test_cuenta.py": [
      {
        "type": "Secret Keyword",
        "filename": "tests/test_cuenta.py",
        "hashed_secret": "b45d82cb4fce4e93ca409c16b5b2dc63685990b4",
        "is_verified": false,
        "line_number": 186
      },
      {
        "type": "Secret Keyword",
        "filename": "tests/test_cuenta.py",
        "hashed_secret": "3fd1caa8db7d773f24840323c7a41ebee258b630",
        "is_verified": false,
        "line_number": 187
      },
      {
        "type": "Secret Keyword",
        "filename": "tests/test_cuenta.py",
        "hashed_secret": "42139a41f56b749f47c8319f849ab7d71b3085fc",
        "is_verified": false,
        "line_number": 217
      },
      {
        "type": "Secret Keyword",
        "filename": "tests/test_cuenta.py",
        "hashed_secret": "f92f8e9895dffaa60bd273ff125f2fbe5a1abc62",
        "is_verified": false,
        "line_number": 241
      },
      {
        "type": "Secret Keyword",
        "filename": "tests/test_cuenta.py",
        "hashed_secret": "44b75497466cdc5e84ea801840bc399457ac3f44",
        "is_verified": false,
        "line_number": 249
      }
    ],
    "tests/test_database_config.py": [
      {
        "type": "Basic Auth Credentials",
        "filename": "tests/test_database_config.py",
        "hashed_secret": "e5e9fa1ba31ecd1ae84f75caaa474f3a663f05f4",
        "is_verified": false,
        "line_number": 12
      }
    ],
    "tests/test_datos_sensibles.py": [
      {
        "type": "Base64 High Entropy String",
        "filename": "tests/test_datos_sensibles.py",
        "hashed_secret": "d4298161b0e638c45894e66b2fbb0d884f965f95",
        "is_verified": false,
        "line_number": 84
      },
      {
        "type": "Base64 High Entropy String",
        "filename": "tests/test_datos_sensibles.py",
        "hashed_secret": "15bf6d25b4c0c1f0725a825093f8a0c0f2e45588",
        "is_verified": false,
        "line_number": 85
      },
      {
        "type": "Base64 High Entropy String",
        "filename": "tests/test_datos_sensibles.py",
        "hashed_secret": "95fd11829a579c8d55ea097aaee127fd46d1e8f3",
        "is_verified": false,
        "line_number": 90
      },
      {
        "type": "GitHub Token",
        "filename": "tests/test_datos_sensibles.py",
        "hashed_secret": "e175c6f5f2a92e8623bd9a4820edb4e8c1b0fd10",
        "is_verified": false,
        "line_number": 92
      },
      {
        "type": "Base64 High Entropy String",
        "filename": "tests/test_datos_sensibles.py",
        "hashed_secret": "e77687fe6cc889ec08fef4a6cba08d59d380ac69",
        "is_verified": false,
        "line_number": 92
      },
      {
        "type": "AWS Access Key",
        "filename": "tests/test_datos_sensibles.py",
        "hashed_secret": "25910f981e85ca04baf359199dd0bd4a3ae738b6",
        "is_verified": false,
        "line_number": 93
      },
      {
        "type": "AWS Access Key",
        "filename": "tests/test_datos_sensibles.py",
        "hashed_secret": "47ccc6a104396d2a85e9534caecf9c57276b4ba9",
        "is_verified": false,
        "line_number": 95
      },
      {
        "type": "Private Key",
        "filename": "tests/test_datos_sensibles.py",
        "hashed_secret": "be4fc4886bd949b369d5e092eb87494f12e57e5b",
        "is_verified": false,
        "line_number": 96
      },
      {
        "type": "Basic Auth Credentials",
        "filename": "tests/test_datos_sensibles.py",
        "hashed_secret": "7cd3f1056838aff1aadd15a1975062c9b0a99cae",
        "is_verified": false,
        "line_number": 135
      },
      {
        "type": "JSON Web Token",
        "filename": "tests/test_datos_sensibles.py",
        "hashed_secret": "3c518f97339bdaa0e0462ec9ae64310007bd926f",
        "is_verified": false,
        "line_number": 148
      }
    ],
    "tests/test_email_invitaciones.py": [
      {
        "type": "Secret Keyword",
        "filename": "tests/test_email_invitaciones.py",
        "hashed_secret": "868379eae3b1e2c2590cdfb1a0cbe432a12d8067",
        "is_verified": false,
        "line_number": 143
      }
    ],
    "tests/test_espana.py": [
      {
        "type": "Hex High Entropy String",
        "filename": "tests/test_espana.py",
        "hashed_secret": "9c3ebd3616d74949b59e36a6062d78f002a14d02",
        "is_verified": false,
        "line_number": 52
      }
    ],
    "tests/test_licencias_acceso.py": [
      {
        "type": "Hex High Entropy String",
        "filename": "tests/test_licencias_acceso.py",
        "hashed_secret": "d37af155292dcea94f2fb46a2689d963c539d48c",
        "is_verified": false,
        "line_number": 844
      },
      {
        "type": "Hex High Entropy String",
        "filename": "tests/test_licencias_acceso.py",
        "hashed_secret": "24735b9b56ef9b00a70e0157daae57d154f029e4",
        "is_verified": false,
        "line_number": 845
      }
    ],
    "tests/test_logs.py": [
      {
        "type": "Basic Auth Credentials",
        "filename": "tests/test_logs.py",
        "hashed_secret": "8927bd748f26a7258a01e318a7e1e7585458a228",
        "is_verified": false,
        "line_number": 21
      }
    ],
    "tests/test_operacion.py": [
      {
        "type": "Base64 High Entropy String",
        "filename": "tests/test_operacion.py",
        "hashed_secret": "c83ec06f64bae1deccd1238770665998482a8bb0",
        "is_verified": false,
        "line_number": 87
      },
      {
        "type": "Basic Auth Credentials",
        "filename": "tests/test_operacion.py",
        "hashed_secret": "8927bd748f26a7258a01e318a7e1e7585458a228",
        "is_verified": false,
        "line_number": 103
      }
    ],
    "tests/test_prueba_gratuita.py": [
      {
        "type": "Secret Keyword",
        "filename": "tests/test_prueba_gratuita.py",
        "hashed_secret": "5d2b626a1dfd2bc53e08a2a57c9df47bf1f30271",
        "is_verified": false,
        "line_number": 434
      },
      {
        "type": "Hex High Entropy String",
        "filename": "tests/test_prueba_gratuita.py",
        "hashed_secret": "22b9f5ef05200dfb871544eafd7caf14cbf0ce57",
        "is_verified": false,
        "line_number": 602
      }
    ],
    "tests/test_rls.py": [
      {
        "type": "Hex High Entropy String",
        "filename": "tests/test_rls.py",
        "hashed_secret": "ef3345ac1e7713c82e3a7bc879434246e2dd1bd3",
        "is_verified": false,
        "line_number": 172
      }
    ],
    "tests/test_rls_postgres.py": [
      {
        "type": "Secret Keyword",
        "filename": "tests/test_rls_postgres.py",
        "hashed_secret": "88f7e07cea8d9c73aa6af99a338204ed9f65928b",
        "is_verified": false,
        "line_number": 41
      }
    ],
    "tests/test_storage.py": [
      {
        "type": "Basic Auth Credentials",
        "filename": "tests/test_storage.py",
        "hashed_secret": "8927bd748f26a7258a01e318a7e1e7585458a228",
        "is_verified": false,
        "line_number": 83
      },
      {
        "type": "Secret Keyword",
        "filename": "tests/test_storage.py",
        "hashed_secret": "35d450e36ff102957c0e59c6ca4ce90a2b96097f",
        "is_verified": false,
        "line_number": 217
      },
      {
        "type": "JSON Web Token",
        "filename": "tests/test_storage.py",
        "hashed_secret": "68b83001dc91ef0d5ee5c8d2ea578e0dc0d214fb",
        "is_verified": false,
        "line_number": 261
      }
    ],
    "tests/test_stripe.py": [
      {
        "type": "Secret Keyword",
        "filename": "tests/test_stripe.py",
        "hashed_secret": "0e252ae6124e6583a523b2de09970542a5d27ff6",
        "is_verified": false,
        "line_number": 29
      },
      {
        "type": "Base64 High Entropy String",
        "filename": "tests/test_stripe.py",
        "hashed_secret": "baf57e7b5d60c1092fab8caed0e7c7d7fe9f2952",
        "is_verified": false,
        "line_number": 79
      }
    ],
    "tests/test_vercel_cron_config.py": [
      {
        "type": "Secret Keyword",
        "filename": "tests/test_vercel_cron_config.py",
        "hashed_secret": "63f57ae6737c0ebb7d5dabe1f610bb4e026c25a1",
        "is_verified": false,
        "line_number": 90
      },
      {
        "type": "Secret Keyword",
        "filename": "tests/test_vercel_cron_config.py",
        "hashed_secret": "c94bb09517d9ac24a80afe31ac1ac5ca05a52595",
        "is_verified": false,
        "line_number": 95
      }
    ],
    "tools/auditar_datos_sensibles.py": [
      {
        "type": "Basic Auth Credentials",
        "filename": "tools/auditar_datos_sensibles.py",
        "hashed_secret": "8927bd748f26a7258a01e318a7e1e7585458a228",
        "is_verified": false,
        "line_number": 16
      }
    ],
    "tools/generar_sql_precios_latam.py": [
      {
        "type": "Hex High Entropy String",
        "filename": "tools/generar_sql_precios_latam.py",
        "hashed_secret": "a243aa851be108d3770381fe8ca124f3bbea2ac4",
        "is_verified": false,
        "line_number": 86
      }
    ],
    "tools/simular_vercel_rofs.py": [
      {
        "type": "Basic Auth Credentials",
        "filename": "tools/simular_vercel_rofs.py",
        "hashed_secret": "8927bd748f26a7258a01e318a7e1e7585458a228",
        "is_verified": false,
        "line_number": 41
      }
    ]
  },
  "generated_at": "2026-08-23T00:18:18Z"
}
